Clipper*		O_OBJECT
TPolyType		T_UV
TClipType		T_UV
TPolyFillType		T_UV
TPolygon		T_VECTOR_DOUBLEPOINT
TPolygon*		T_VECTOR_DOUBLEPOINT_PTR
TPolyPolygon		T_VECTOR_VECTOR_DOUBLEPOINT
TPolyPolygon*		T_VECTOR_VECTOR_DOUBLEPOINT_PTR

INPUT
T_VECTOR_DOUBLEPOINT
	if (SvROK($arg) && SvTYPE(SvRV($arg))==SVt_PVAV) {
	  $type* tmp = av2poly(aTHX_ (AV*)SvRV($arg));
	  if (tmp == NULL) {
	    Perl_croak(aTHX_ \"%s: %s is not an array reference or contains invalid data\",
	               ${$ALIAS?\q[GvNAME(CvGV(cv))]:\qq[\"$pname\"]},
	               \"$var\");
	  }
	  else {
	    $var = *tmp;
            delete tmp;
          }
	}
	else
	  Perl_croak(aTHX_ \"%s: %s is not an array reference\",
	             ${$ALIAS?\q[GvNAME(CvGV(cv))]:\qq[\"$pname\"]},
	             \"$var\");

T_VECTOR_DOUBLEPOINT_PTR
	if (SvROK($arg) && SvTYPE(SvRV($arg))==SVt_PVAV) {
	  $var = av2poly(aTHX_ (AV*)SvRV($arg));
	  if (($var) == NULL) {
	    Perl_croak(aTHX_ \"%s: %s is not an array reference or contains invalid data\",
	               ${$ALIAS?\q[GvNAME(CvGV(cv))]:\qq[\"$pname\"]},
	               \"$var\");
	  }
	}
	else
	  Perl_croak(aTHX_ \"%s: %s is not an array reference\",
	             ${$ALIAS?\q[GvNAME(CvGV(cv))]:\qq[\"$pname\"]},
	             \"$var\");

T_VECTOR_VECTOR_DOUBLEPOINT
	if (SvROK($arg) && SvTYPE(SvRV($arg))==SVt_PVAV) {
	  $type* tmp = av2polypoly(aTHX_ (AV*)SvRV($arg));
	  if (tmp == NULL) {
	    Perl_croak(aTHX_ \"%s: %s is not an array reference or contains invalid data\",
	               ${$ALIAS?\q[GvNAME(CvGV(cv))]:\qq[\"$pname\"]},
	               \"$var\");
	  }
	  else {
	    $var = *tmp;
            delete tmp;
          }
	}
	else
	  Perl_croak(aTHX_ \"%s: %s is not an array reference\",
	             ${$ALIAS?\q[GvNAME(CvGV(cv))]:\qq[\"$pname\"]},
	             \"$var\");

T_VECTOR_VECTOR_DOUBLEPOINT_PTR
	if (SvROK($arg) && SvTYPE(SvRV($arg))==SVt_PVAV) {
	  $var = av2polypoly(aTHX_ (AV*)SvRV($arg));
	  if (($var) == NULL) {
	    Perl_croak(aTHX_ \"%s: %s is not an array reference or contains invalid data\",
	               ${$ALIAS?\q[GvNAME(CvGV(cv))]:\qq[\"$pname\"]},
	               \"$var\");
	  }
	}
	else
	  Perl_croak(aTHX_ \"%s: %s is not an array reference\",
	             ${$ALIAS?\q[GvNAME(CvGV(cv))]:\qq[\"$pname\"]},
	             \"$var\");
OUTPUT

T_VECTOR_DOUBLEPOINT
	$arg = poly2rvav(aTHX_ $var);

T_VECTOR_DOUBLEPOINT_PTR
	$arg = poly2rvav(aTHX_ *$var);
        delete $var;

T_VECTOR_VECTOR_DOUBLEPOINT
	$arg = polypoly2rvav(aTHX_ $var);

T_VECTOR_VECTOR_DOUBLEPOINT_PTR
	$arg = polypoly2rvav(aTHX_ *$var);
        delete $var;

